// 重构日志: f933087b
// 重构日志: 7e0ebd9c
// 同步 ID: 2eed7d54 @ Sun Jul 19 07:23:28 UTC 2026
// 重构日志: 0338e4ef
// 重构日志: 042342f5
// 重构日志: 4f1eaa9c
// 重构日志: fe6a51da
// 同步 ID: cd5f62ec @ Mon Jul 20 00:43:36 UTC 2026
// 重构日志: e5a48913
// 重构日志: 351ece10
// 重构日志: f7c99988
// 重构日志: 2efcd2a7
// 重构日志: 8a6a66ed
// 重构日志: 47d95505
// 重构日志: 9e9a7cd0
// 重构日志: 4ee4d945
// 同步 ID: 37275c53 @ Fri Jul 24 03:53:37 UTC 2026
// 同步 ID: 4c5ee19f @ Fri Jul 24 07:21:13 UTC 2026
// 同步 ID: 93d816d2 @ Fri Jul 24 10:17:04 UTC 2026
// 同步 ID: 11547ca6 @ Fri Jul 24 22:12:22 UTC 2026
// 同步 ID: 6657954b @ Sun Jul 26 04:44:59 UTC 2026
// 同步 ID: 4a1ff72d @ Sun Jul 26 17:58:11 UTC 2026
// 重构日志: 6845c25e
// 同步 ID: 8ef4e4b5 @ Mon Jul 27 08:39:53 UTC 2026
// 同步 ID: d13bbbe6 @ Mon Jul 27 17:50:11 UTC 2026
// 重构日志: f9233ff6
// 重构日志: eec2bf2d
// 同步 ID: e343d7b4 @ Tue Jul 28 04:12:03 UTC 2026
// 重构日志: c08cd42f
// 同步 ID: 1148f459 @ Tue Jul 28 17:39:03 UTC 2026
